// Jest Snapshot v1, https://goo.gl/fbAQLP

exports[`renders correctly 1`] = `
<View
  style={
    Object {
      "flex": 1,
      "marginTop": 50,
    }
  }
>
  <View
    style={
      Object {
        "backgroundColor": "white",
        "borderColor": "#e1e8ee",
        "borderWidth": 1,
        "height": 350,
        "margin": 15,
        "marginBottom": 0,
        "padding": 20,
        "shadowColor": "rgba(0,0,0, .2)",
        "shadowOffset": Object {
          "height": 0,
          "width": 0,
        },
        "shadowOpacity": 1,
        "shadowRadius": 1,
      }
    }
  >
    <View
      style={
        Object {
          "backgroundColor": "transparent",
        }
      }
    >
      <View>
        <Text
          style={
            Object {
              "color": "#3798E9",
              "fontSize": 20,
              "fontWeight": "bold",
              "marginBottom": 15,
              "textAlign": "center",
            }
          }
          testID="cardTitle"
          theme={
            Object {
              "colors": Object {
                "disabled": "hsl(208, 8%, 90%)",
                "divider": "#bcbbc1",
                "error": "#ff190c",
                "grey0": "#393e42",
                "grey1": "#43484d",
                "grey2": "#5e6977",
                "grey3": "#86939e",
                "grey4": "#bdc6cf",
                "grey5": "#e1e8ee",
                "greyOutline": "#bbb",
                "platform": Object {
                  "android": Object {
                    "error": "#f44336",
                    "primary": "#2196f3",
                    "secondary": "#9C27B0",
                    "success": "#4caf50",
                    "warning": "#ffeb3b",
                  },
                  "ios": Object {
                    "error": "#ff3b30",
                    "primary": "#007aff",
                    "secondary": "#5856d6",
                    "success": "#4cd964",
                    "warning": "#ffcc00",
                  },
                },
                "primary": "#2089dc",
                "searchBg": "#303337",
                "secondary": "#8F0CE8",
                "success": "#52c41a",
                "warning": "#faad14",
              },
            }
          }
        >
          Login
        </Text>
        <View
          style={
            Object {
              "backgroundColor": "#bcbbc1",
              "height": 0.5,
              "marginBottom": 50,
            }
          }
        />
      </View>
      <View
        style={
          Object {
            "flexDirection": "row",
            "height": 40,
            "marginBottom": 3,
          }
        }
      >
        <Text
          style={
            Object {
              "alignSelf": "center",
              "fontSize": 15,
              "width": 75,
            }
          }
        >
          User ID: 
        </Text>
        <TextInput
          allowFontScaling={true}
          autoCapitalize="none"
          autoCorrect={false}
          onChangeText={[Function]}
          rejectResponderTermination={true}
          style={
            Object {
              "backgroundColor": "rgb(244,244,244)",
              "borderRadius": 4,
              "flex": 1,
              "paddingHorizontal": 7,
            }
          }
          underlineColorAndroid="transparent"
          value=""
        />
      </View>
      <View
        style={
          Object {
            "flexDirection": "row",
            "height": 40,
            "marginBottom": 3,
          }
        }
      >
        <Text
          style={
            Object {
              "alignSelf": "center",
              "fontSize": 15,
              "width": 75,
            }
          }
        >
          Password: 
        </Text>
        <TextInput
          allowFontScaling={true}
          autoCapitalize="none"
          autoCorrect={false}
          onChangeText={[Function]}
          rejectResponderTermination={true}
          secureTextEntry={true}
          style={
            Object {
              "backgroundColor": "rgb(244,244,244)",
              "borderRadius": 4,
              "flex": 1,
              "paddingHorizontal": 7,
            }
          }
          underlineColorAndroid="transparent"
          value=""
        />
      </View>
      <View
        accessible={true}
        focusable={true}
        onClick={[Function]}
        onResponderGrant={[Function]}
        onResponderMove={[Function]}
        onResponderRelease={[Function]}
        onResponderTerminate={[Function]}
        onResponderTerminationRequest={[Function]}
        onStartShouldSetResponder={[Function]}
        style={
          Object {
            "marginVertical": 30,
            "opacity": 1,
          }
        }
      >
        <Text
          style={
            Object {
              "alignSelf": "center",
              "color": "#3798E9",
              "fontSize": 18,
            }
          }
        >
          Sign In
        </Text>
      </View>
      <View
        style={
          Object {
            "alignItems": "flex-end",
            "alignSelf": "flex-end",
            "marginTop": 15,
          }
        }
      >
        <Text
          style={
            Object {
              "color": "rgb(224,224,224)",
            }
          }
        >
          Don't have an account?
        </Text>
        <View
          accessible={true}
          focusable={true}
          onClick={[Function]}
          onResponderGrant={[Function]}
          onResponderMove={[Function]}
          onResponderRelease={[Function]}
          onResponderTerminate={[Function]}
          onResponderTerminationRequest={[Function]}
          onStartShouldSetResponder={[Function]}
          style={
            Object {
              "opacity": 1,
            }
          }
        >
          <Text
            style={
              Object {
                "color": "#3798E9",
              }
            }
          >
            Sign Up
          </Text>
        </View>
      </View>
    </View>
  </View>
</View>
`;
